Parameter,Value
Solar Capacity (kW),123.17664364776289
Battery Capacity (kWh),-9.999999063186229e-9
Generator Capacity (kW),18.948869197104646
